../Core/Src/main.c:86:6:HAL_ADC_ConvCpltCallback	16	static
../Core/Src/main.c:96:6:vTask_Move_Soldado	40	static
../Core/Src/main.c:136:6:vTask_Print_Soldado	24	static
../Core/Src/main.c:146:6:vTask_Print_ValorADC	32	static
../Core/Src/main.c:166:5:main	32	static
../Core/Src/main.c:278:6:SystemClock_Config	88	static
../Core/Src/main.c:325:13:MX_ADC1_Init	24	static
../Core/Src/main.c:386:13:MX_SPI1_Init	8	static
../Core/Src/main.c:422:13:MX_DMA_Init	16	static
../Core/Src/main.c:440:13:MX_GPIO_Init	48	static
../Core/Src/main.c:493:6:StartDefaultTask	16	static
../Core/Src/main.c:514:6:HAL_TIM_PeriodElapsedCallback	16	static
../Core/Src/main.c:531:6:Error_Handler	4	static,ignoring_inline_asm
